Component: ARM Compiler 5.06 update 6 (build 750) Tool: armlink [4d35ed]

==============================================================================

Section Cross References

    code_def.o(i.Display) refers to main.o(.data) for Number
    code_def.o(i.Key_Scan) refers to code_def.o(i.delay_ms) for delay_ms
    code_def.o(i.Key_Scan) refers to main.o(.data) for Number
    code_def.o(i.TIMEHandle) refers to _printf_percent.o(.ARM.Collect$$_printf_percent$$00000000) for _printf_percent
    code_def.o(i.TIMEHandle) refers to _printf_x.o(.ARM.Collect$$_printf_percent$$0000000C) for _printf_x
    code_def.o(i.TIMEHandle) refers to _printf_hex_int.o(.text) for _printf_longlong_hex
    code_def.o(i.TIMEHandle) refers to noretval__2printf.o(.text) for __2printf
    code_def.o(i.TIMEHandle) refers to main.o(.data) for Number
    code_def.o(i.UARTHandle) refers to code_def.o(i.ReadUART) for ReadUART
    code_def.o(i.UARTHandle) refers to code_def.o(i.WriteUART) for WriteUART
    code_def.o(i.UARTString) refers to code_def.o(i.WriteUART) for WriteUART
    code_def.o(i.UARTString) refers to strlen.o(.text) for strlen
    code_def.o(i.WriteUART) refers to code_def.o(i.ReadUARTState) for ReadUARTState
    main.o(i.main) refers to code_def.o(i.TIME_Init) for TIME_Init
    main.o(i.main) refers to code_def.o(i.Key_Scan) for Key_Scan
    main.o(i.main) refers to code_def.o(i.Display) for Display
    startup_cmsdk_cm0.o(STACK) refers (Special) to heapauxi.o(.text) for __use_two_region_memory
    startup_cmsdk_cm0.o(HEAP) refers (Special) to heapauxi.o(.text) for __use_two_region_memory
    startup_cmsdk_cm0.o(RESET) refers (Special) to heapauxi.o(.text) for __use_two_region_memory
    startup_cmsdk_cm0.o(RESET) refers to startup_cmsdk_cm0.o(STACK) for __initial_sp
    startup_cmsdk_cm0.o(RESET) refers to startup_cmsdk_cm0.o(.text) for Reset_Handler
    startup_cmsdk_cm0.o(.text) refers (Special) to heapauxi.o(.text) for __use_two_region_memory
    startup_cmsdk_cm0.o(.text) refers to code_def.o(i.UARTHandle) for UARTHandle
    startup_cmsdk_cm0.o(.text) refers to code_def.o(i.TIMEHandle) for TIMEHandle
    startup_cmsdk_cm0.o(.text) refers to code_def.o(i.KEY0Handle) for KEY0Handle
    startup_cmsdk_cm0.o(.text) refers to code_def.o(i.KEY1Handle) for KEY1Handle
    startup_cmsdk_cm0.o(.text) refers to code_def.o(i.KEY2Handle) for KEY2Handle
    startup_cmsdk_cm0.o(.text) refers to code_def.o(i.KEY3Handle) for KEY3Handle
    startup_cmsdk_cm0.o(.text) refers to code_def.o(i.KEY4Handle) for KEY4Handle
    startup_cmsdk_cm0.o(.text) refers to code_def.o(i.KEY5Handle) for KEY5Handle
    startup_cmsdk_cm0.o(.text) refers to code_def.o(i.KEY6Handle) for KEY6Handle
    startup_cmsdk_cm0.o(.text) refers to code_def.o(i.KEY7Handle) for KEY7Handle
    startup_cmsdk_cm0.o(.text) refers to __main.o(!!!main) for __main
    startup_cmsdk_cm0.o(.text) refers to startup_cmsdk_cm0.o(HEAP) for Heap_Mem
    startup_cmsdk_cm0.o(.text) refers to startup_cmsdk_cm0.o(STACK) for Stack_Mem
    retarget.o(i._sys_exit) refers (Special) to use_no_semi.o(.text) for __use_no_semihosting_swi
    retarget.o(i._ttywrch) refers (Special) to use_no_semi.o(.text) for __use_no_semihosting_swi
    retarget.o(i._ttywrch) refers to retarget.o(i.fputc) for fputc
    retarget.o(i._ttywrch) refers to retarget.o(.data) for __stdout
    retarget.o(i.ferror) refers (Special) to use_no_semi.o(.text) for __use_no_semihosting_swi
    retarget.o(i.fputc) refers (Special) to use_no_semi.o(.text) for __use_no_semihosting_swi
    retarget.o(i.fputc) refers to retarget.o(i.uart_out) for uart_out
    retarget.o(i.uart_out) refers (Special) to use_no_semi.o(.text) for __use_no_semihosting_swi
    retarget.o(.data) refers (Special) to use_no_semi.o(.text) for __use_no_semihosting_swi
    __2printf.o(.text) refers to _printf_char_file.o(.text) for _printf_char_file
    __2printf.o(.text) refers to retarget.o(.data) for __stdout
    noretval__2printf.o(.text) refers to _printf_char_file.o(.text) for _printf_char_file
    noretval__2printf.o(.text) refers to retarget.o(.data) for __stdout
    __printf.o(.text) refers to _printf_percent.o(.ARM.Collect$$_printf_percent$$00000000) for _printf_percent
    _printf_hex_ll.o(.text) refers to _printf_intcommon.o(.text) for _printf_int_common
    _printf_hex_ll.o(.text) refers to _printf_hex_ll.o(.constdata) for .constdata
    _printf_hex_int.o(.text) refers to _printf_intcommon.o(.text) for _printf_int_common
    _printf_hex_int.o(.text) refers to _printf_hex_int.o(.constdata) for .constdata
    _printf_hex_int_ll.o(.text) refers to _printf_intcommon.o(.text) for _printf_int_common
    _printf_hex_int_ll.o(.text) refers to _printf_hex_int_ll.o(.constdata) for .constdata
    _printf_hex_ptr.o(.text) refers to _printf_intcommon.o(.text) for _printf_int_common
    _printf_hex_ptr.o(.text) refers to _printf_hex_ptr.o(.constdata) for .constdata
    _printf_hex_int_ptr.o(.text) refers to _printf_intcommon.o(.text) for _printf_int_common
    _printf_hex_int_ptr.o(.text) refers to _printf_hex_int_ptr.o(.constdata) for .constdata
    _printf_hex_ll_ptr.o(.text) refers to _printf_intcommon.o(.text) for _printf_int_common
    _printf_hex_ll_ptr.o(.text) refers to _printf_hex_ll_ptr.o(.constdata) for .constdata
    _printf_hex_int_ll_ptr.o(.text) refers to _printf_intcommon.o(.text) for _printf_int_common
    _printf_hex_int_ll_ptr.o(.text) refers to _printf_hex_int_ll_ptr.o(.constdata) for .constdata
    __printf_flags.o(.text) refers to _printf_percent.o(.ARM.Collect$$_printf_percent$$00000000) for _printf_percent
    __printf_flags.o(.text) refers to __printf_flags.o(.constdata) for .constdata
    __printf_ss.o(.text) refers to _printf_percent.o(.ARM.Collect$$_printf_percent$$00000000) for _printf_percent
    __printf_flags_ss.o(.text) refers to _printf_percent.o(.ARM.Collect$$_printf_percent$$00000000) for _printf_percent
    __printf_flags_ss.o(.text) refers to __printf_flags_ss.o(.constdata) for .constdata
    __printf_wp.o(.text) refers to __printf_wp.o(i._is_digit) for _is_digit
    __printf_wp.o(.text) refers to _printf_percent.o(.ARM.Collect$$_printf_percent$$00000000) for _printf_percent
    __printf_flags_wp.o(.text) refers to __printf_wp.o(i._is_digit) for _is_digit
    __printf_flags_wp.o(.text) refers to _printf_percent.o(.ARM.Collect$$_printf_percent$$00000000) for _printf_percent
    __printf_flags_wp.o(.text) refers to __printf_flags_wp.o(.constdata) for .constdata
    __printf_ss_wp.o(.text) refers to __printf_wp.o(i._is_digit) for _is_digit
    __printf_ss_wp.o(.text) refers to _printf_percent.o(.ARM.Collect$$_printf_percent$$00000000) for _printf_percent
    __printf_flags_ss_wp.o(.text) refers to __printf_wp.o(i._is_digit) for _is_digit
    __printf_flags_ss_wp.o(.text) refers to _printf_percent.o(.ARM.Collect$$_printf_percent$$00000000) for _printf_percent
    __printf_flags_ss_wp.o(.text) refers to __printf_flags_ss_wp.o(.constdata) for .constdata
    _printf_x.o(.ARM.Collect$$_printf_percent$$0000000C) refers (Weak) to _printf_hex_int.o(.text) for _printf_int_hex
    _printf_percent.o(.ARM.Collect$$_printf_percent$$00000000) refers (Special) to _printf_percent_end.o(.ARM.Collect$$_printf_percent$$00000017) for _printf_percent_end
    __main.o(!!!main) refers to __rtentry.o(.ARM.Collect$$rtentry$$00000000) for __rt_entry
    __rtentry.o(.ARM.Collect$$rtentry$$00000000) refers (Special) to __rtentry2.o(.ARM.Collect$$rtentry$$0000000A) for __rt_entry_li
    __rtentry.o(.ARM.Collect$$rtentry$$00000000) refers (Special) to __rtentry2.o(.ARM.Collect$$rtentry$$0000000D) for __rt_entry_main
    __rtentry.o(.ARM.Collect$$rtentry$$00000000) refers (Special) to __rtentry2.o(.ARM.Collect$$rtentry$$0000000C) for __rt_entry_postli_1
    __rtentry.o(.ARM.Collect$$rtentry$$00000000) refers (Special) to __rtentry2.o(.ARM.Collect$$rtentry$$00000009) for __rt_entry_postsh_1
    __rtentry.o(.ARM.Collect$$rtentry$$00000000) refers (Special) to __rtentry2.o(.ARM.Collect$$rtentry$$00000002) for __rt_entry_presh_1
    __rtentry.o(.ARM.Collect$$rtentry$$00000000) refers (Special) to __rtentry4.o(.ARM.Collect$$rtentry$$00000004) for __rt_entry_sh
    _printf_char_file.o(.text) refers to _printf_char_common.o(.text) for _printf_char_common
    _printf_char_file.o(.text) refers to retarget.o(i.ferror) for ferror
    _printf_char_file.o(.text) refers to retarget.o(i.fputc) for fputc
    __rtentry2.o(.ARM.Collect$$rtentry$$00000008) refers to boardinit2.o(.text) for _platform_post_stackheap_init
    __rtentry2.o(.ARM.Collect$$rtentry$$0000000A) refers to libinit.o(.ARM.Collect$$libinit$$00000000) for __rt_lib_init
    __rtentry2.o(.ARM.Collect$$rtentry$$0000000B) refers to boardinit3.o(.text) for _platform_post_lib_init
    __rtentry2.o(.ARM.Collect$$rtentry$$0000000D) refers to main.o(i.main) for main
    __rtentry2.o(.ARM.Collect$$rtentry$$0000000D) refers to exit.o(.text) for exit
    __rtentry2.o(.ARM.exidx) refers to __rtentry2.o(.ARM.Collect$$rtentry$$00000001) for .ARM.Collect$$rtentry$$00000001
    __rtentry2.o(.ARM.exidx) refers to __rtentry2.o(.ARM.Collect$$rtentry$$00000008) for .ARM.Collect$$rtentry$$00000008
    __rtentry2.o(.ARM.exidx) refers to __rtentry2.o(.ARM.Collect$$rtentry$$0000000A) for .ARM.Collect$$rtentry$$0000000A
    __rtentry2.o(.ARM.exidx) refers to __rtentry2.o(.ARM.Collect$$rtentry$$0000000B) for .ARM.Collect$$rtentry$$0000000B
    __rtentry2.o(.ARM.exidx) refers to __rtentry2.o(.ARM.Collect$$rtentry$$0000000D) for .ARM.Collect$$rtentry$$0000000D
    __rtentry4.o(.ARM.Collect$$rtentry$$00000004) refers to sys_stackheap_outer.o(.text) for __user_setup_stackheap
    __rtentry4.o(.ARM.exidx) refers to __rtentry4.o(.ARM.Collect$$rtentry$$00000004) for .ARM.Collect$$rtentry$$00000004
    _printf_char_common.o(.text) refers to __printf.o(.text) for __printf
    sys_stackheap_outer.o(.text) refers to libspace.o(.text) for __user_perproc_libspace
    sys_stackheap_outer.o(.text) refers to startup_cmsdk_cm0.o(.text) for __user_initial_stackheap
    sys_stackheap_outer.o(__vectab_stack_and_reset_area) refers to tempstk.o(.text) for __temporary_stack_top
    sys_stackheap_outer.o(__vectab_stack_and_reset_area) refers to __main.o(!!!main) for __main
    exit.o(.text) refers to rtexit.o(.ARM.Collect$$rtexit$$00000000) for __rt_exit
    libinit.o(.ARM.Collect$$libinit$$00000000) refers (Special) to libinit2.o(.ARM.Collect$$libinit$$0000002E) for __rt_lib_init_alloca_1
    libinit.o(.ARM.Collect$$libinit$$00000000) refers (Special) to libinit2.o(.ARM.Collect$$libinit$$0000002C) for __rt_lib_init_argv_1
    libinit.o(.ARM.Collect$$libinit$$00000000) refers (Special) to libinit2.o(.ARM.Collect$$libinit$$0000001B) for __rt_lib_init_atexit_1
    libinit.o(.ARM.Collect$$libinit$$00000000) refers (Special) to libinit2.o(.ARM.Collect$$libinit$$00000021) for __rt_lib_init_clock_1
    libinit.o(.ARM.Collect$$libinit$$00000000) refers (Special) to libinit2.o(.ARM.Collect$$libinit$$00000032) for __rt_lib_init_cpp_1
    libinit.o(.ARM.Collect$$libinit$$00000000) refers (Special) to libinit2.o(.ARM.Collect$$libinit$$00000030) for __rt_lib_init_exceptions_1
    libinit.o(.ARM.Collect$$libinit$$00000000) refers (Special) to libinit2.o(.ARM.Collect$$libinit$$00000002) for __rt_lib_init_fp_1
    libinit.o(.ARM.Collect$$libinit$$00000000) refers (Special) to libinit2.o(.ARM.Collect$$libinit$$0000001F) for __rt_lib_init_fp_trap_1
    libinit.o(.ARM.Collect$$libinit$$00000000) refers (Special) to libinit2.o(.ARM.Collect$$libinit$$00000023) for __rt_lib_init_getenv_1
    libinit.o(.ARM.Collect$$libinit$$00000000) refers (Special) to libinit2.o(.ARM.Collect$$libinit$$0000000A) for __rt_lib_init_heap_1
    libinit.o(.ARM.Collect$$libinit$$00000000) refers (Special) to libinit2.o(.ARM.Collect$$libinit$$00000011) for __rt_lib_init_lc_collate_1
    libinit.o(.ARM.Collect$$libinit$$00000000) refers (Special) to libinit2.o(.ARM.Collect$$libinit$$00000013) for __rt_lib_init_lc_ctype_1
    libinit.o(.ARM.Collect$$libinit$$00000000) refers (Special) to libinit2.o(.ARM.Collect$$libinit$$00000015) for __rt_lib_init_lc_monetary_1
    libinit.o(.ARM.Collect$$libinit$$00000000) refers (Special) to libinit2.o(.ARM.Collect$$libinit$$00000017) for __rt_lib_init_lc_numeric_1
    libinit.o(.ARM.Collect$$libinit$$00000000) refers (Special) to libinit2.o(.ARM.Collect$$libinit$$00000019) for __rt_lib_init_lc_time_1
    libinit.o(.ARM.Collect$$libinit$$00000000) refers (Special) to libinit2.o(.ARM.Collect$$libinit$$00000004) for __rt_lib_init_preinit_1
    libinit.o(.ARM.Collect$$libinit$$00000000) refers (Special) to libinit2.o(.ARM.Collect$$libinit$$0000000E) for __rt_lib_init_rand_1
    libinit.o(.ARM.Collect$$libinit$$00000000) refers (Special) to libinit2.o(.ARM.Collect$$libinit$$00000033) for __rt_lib_init_return
    libinit.o(.ARM.Collect$$libinit$$00000000) refers (Special) to libinit2.o(.ARM.Collect$$libinit$$0000001D) for __rt_lib_init_signal_1
    libinit.o(.ARM.Collect$$libinit$$00000000) refers (Special) to libinit2.o(.ARM.Collect$$libinit$$00000025) for __rt_lib_init_stdio_1
    libinit.o(.ARM.Collect$$libinit$$00000000) refers (Special) to libinit2.o(.ARM.Collect$$libinit$$0000000C) for __rt_lib_init_user_alloc_1
    libspace.o(.text) refers to libspace.o(.bss) for __libspace_start
    rtexit.o(.ARM.Collect$$rtexit$$00000000) refers (Special) to rtexit2.o(.ARM.Collect$$rtexit$$00000004) for __rt_exit_exit
    rtexit.o(.ARM.Collect$$rtexit$$00000000) refers (Special) to rtexit2.o(.ARM.Collect$$rtexit$$00000003) for __rt_exit_ls
    rtexit.o(.ARM.Collect$$rtexit$$00000000) refers (Special) to rtexit2.o(.ARM.Collect$$rtexit$$00000002) for __rt_exit_prels_1
    rtexit.o(.ARM.exidx) refers (Special) to rtexit2.o(.ARM.Collect$$rtexit$$00000004) for __rt_exit_exit
    rtexit.o(.ARM.exidx) refers (Special) to rtexit2.o(.ARM.Collect$$rtexit$$00000003) for __rt_exit_ls
    rtexit.o(.ARM.exidx) refers (Special) to rtexit2.o(.ARM.Collect$$rtexit$$00000002) for __rt_exit_prels_1
    rtexit.o(.ARM.exidx) refers to rtexit.o(.ARM.Collect$$rtexit$$00000000) for .ARM.Collect$$rtexit$$00000000
    libinit2.o(.ARM.Collect$$libinit$$00000010) refers to libinit2.o(.ARM.Collect$$libinit$$0000000F) for .ARM.Collect$$libinit$$0000000F
    libinit2.o(.ARM.Collect$$libinit$$00000012) refers to libinit2.o(.ARM.Collect$$libinit$$0000000F) for .ARM.Collect$$libinit$$0000000F
    libinit2.o(.ARM.Collect$$libinit$$00000014) refers to libinit2.o(.ARM.Collect$$libinit$$0000000F) for .ARM.Collect$$libinit$$0000000F
    libinit2.o(.ARM.Collect$$libinit$$00000016) refers to libinit2.o(.ARM.Collect$$libinit$$0000000F) for .ARM.Collect$$libinit$$0000000F
    libinit2.o(.ARM.Collect$$libinit$$00000018) refers to libinit2.o(.ARM.Collect$$libinit$$0000000F) for .ARM.Collect$$libinit$$0000000F
    libinit2.o(.ARM.Collect$$libinit$$00000026) refers to argv_veneer.o(.text) for __ARM_argv_veneer
    libinit2.o(.ARM.Collect$$libinit$$00000027) refers to argv_veneer.o(.text) for __ARM_argv_veneer
    rtexit2.o(.ARM.Collect$$rtexit$$00000003) refers to libshutdown.o(.ARM.Collect$$libshutdown$$00000000) for __rt_lib_shutdown
    rtexit2.o(.ARM.Collect$$rtexit$$00000004) refers to retarget.o(i._sys_exit) for _sys_exit
    rtexit2.o(.ARM.exidx) refers to rtexit2.o(.ARM.Collect$$rtexit$$00000001) for .ARM.Collect$$rtexit$$00000001
    rtexit2.o(.ARM.exidx) refers to rtexit2.o(.ARM.Collect$$rtexit$$00000003) for .ARM.Collect$$rtexit$$00000003
    rtexit2.o(.ARM.exidx) refers to rtexit2.o(.ARM.Collect$$rtexit$$00000004) for .ARM.Collect$$rtexit$$00000004
    _get_argv_nomalloc.o(.text) refers (Special) to hrguard.o(.text) for __heap_region$guard
    _get_argv_nomalloc.o(.text) refers to defsig_rtmem_outer.o(.text) for __rt_SIGRTMEM
    _get_argv_nomalloc.o(.text) refers to sys_command.o(.text) for _sys_command_string
    libshutdown.o(.ARM.Collect$$libshutdown$$00000000) refers (Special) to libshutdown2.o(.ARM.Collect$$libshutdown$$00000002) for __rt_lib_shutdown_cpp_1
    libshutdown.o(.ARM.Collect$$libshutdown$$00000000) refers (Special) to libshutdown2.o(.ARM.Collect$$libshutdown$$00000007) for __rt_lib_shutdown_fp_trap_1
    libshutdown.o(.ARM.Collect$$libshutdown$$00000000) refers (Special) to libshutdown2.o(.ARM.Collect$$libshutdown$$0000000F) for __rt_lib_shutdown_heap_1
    libshutdown.o(.ARM.Collect$$libshutdown$$00000000) refers (Special) to libshutdown2.o(.ARM.Collect$$libshutdown$$00000010) for __rt_lib_shutdown_return
    libshutdown.o(.ARM.Collect$$libshutdown$$00000000) refers (Special) to libshutdown2.o(.ARM.Collect$$libshutdown$$0000000A) for __rt_lib_shutdown_signal_1
    libshutdown.o(.ARM.Collect$$libshutdown$$00000000) refers (Special) to libshutdown2.o(.ARM.Collect$$libshutdown$$00000004) for __rt_lib_shutdown_stdio_1
    libshutdown.o(.ARM.Collect$$libshutdown$$00000000) refers (Special) to libshutdown2.o(.ARM.Collect$$libshutdown$$0000000C) for __rt_lib_shutdown_user_alloc_1
    sys_command.o(.text) refers (Special) to use_no_semi.o(.text) for __I$use$semihosting
    sys_command.o(.text) refers (Special) to indicate_semi.o(.text) for __semihosting_library_function
    defsig_rtmem_outer.o(.text) refers to defsig_rtmem_inner.o(.text) for __rt_SIGRTMEM_inner
    defsig_rtmem_outer.o(.text) refers to defsig_exit.o(.text) for __sig_exit
    defsig_rtmem_formal.o(.text) refers to rt_raise.o(.text) for __rt_raise
    rt_raise.o(.text) refers to __raise.o(.text) for __raise
    rt_raise.o(.text) refers to retarget.o(i._sys_exit) for _sys_exit
    defsig_exit.o(.text) refers to retarget.o(i._sys_exit) for _sys_exit
    defsig_rtmem_inner.o(.text) refers to defsig_general.o(.text) for __default_signal_display
    __raise.o(.text) refers to defsig.o(CL$$defsig) for __default_signal_handler
    defsig_general.o(.text) refers to retarget.o(i._ttywrch) for _ttywrch
    defsig.o(CL$$defsig) refers to defsig_rtmem_inner.o(.text) for __rt_SIGRTMEM_inner
    defsig_abrt_inner.o(.text) refers to defsig_general.o(.text) for __default_signal_display
    defsig_fpe_inner.o(.text) refers to defsig_general.o(.text) for __default_signal_display
    defsig_rtred_inner.o(.text) refers to defsig_general.o(.text) for __default_signal_display
    defsig_stak_inner.o(.text) refers to defsig_general.o(.text) for __default_signal_display
    defsig_pvfn_inner.o(.text) refers to defsig_general.o(.text) for __default_signal_display
    defsig_cppl_inner.o(.text) refers to defsig_general.o(.text) for __default_signal_display
    defsig_segv_inner.o(.text) refers to defsig_general.o(.text) for __default_signal_display
    defsig_other.o(.text) refers to defsig_general.o(.text) for __default_signal_display


==============================================================================

Removing Unused input sections from the image.

    Removing code_def.o(i.UARTString), (28 bytes).
    Removing retarget.o(i._ttywrch), (20 bytes).

2 unused section(s) (total 48 bytes) removed from the image.

==============================================================================

Image Symbol Table

    Local Symbols

    Symbol Name                              Value     Ov Type        Size  Object(Section)

    RESET                                    0x00000000   Section      104  startup_cmsdk_cm0.o(RESET)
    ../clib/angel/boardlib.s                 0x00000000   Number         0  boardshut.o ABSOLUTE
    ../clib/angel/boardlib.s                 0x00000000   Number         0  boardinit1.o ABSOLUTE
    ../clib/angel/boardlib.s                 0x00000000   Number         0  boardinit2.o ABSOLUTE
    ../clib/angel/boardlib.s                 0x00000000   Number         0  boardinit3.o ABSOLUTE
    ../clib/angel/handlers.s                 0x00000000   Number         0  __scatter_zi.o ABSOLUTE
    ../clib/angel/handlers.s                 0x00000000   Number         0  __scatter_copy.o ABSOLUTE
    ../clib/angel/kernel.s                   0x00000000   Number         0  rtexit2.o ABSOLUTE
    ../clib/angel/kernel.s                   0x00000000   Number         0  rtexit.o ABSOLUTE
    ../clib/angel/kernel.s                   0x00000000   Number         0  __rtentry2.o ABSOLUTE
    ../clib/angel/kernel.s                   0x00000000   Number         0  __rtentry.o ABSOLUTE
    ../clib/angel/kernel.s                   0x00000000   Number         0  __rtentry4.o ABSOLUTE
    ../clib/angel/rt.s                       0x00000000   Number         0  rt_raise.o ABSOLUTE
    ../clib/angel/scatterp.s                 0x00000000   Number         0  __scatter.o ABSOLUTE
    ../clib/angel/startup.s                  0x00000000   Number         0  __main.o ABSOLUTE
    ../clib/angel/sys.s                      0x00000000   Number         0  tempstk.o ABSOLUTE
    ../clib/angel/sys.s                      0x00000000   Number         0  use_no_semi.o ABSOLUTE
    ../clib/angel/sys.s                      0x00000000   Number         0  sys_stackheap_outer.o ABSOLUTE
    ../clib/angel/sys.s                      0x00000000   Number         0  indicate_semi.o ABSOLUTE
    ../clib/angel/sys.s                      0x00000000   Number         0  libspace.o ABSOLUTE
    ../clib/angel/sysapp.c                   0x00000000   Number         0  sys_command.o ABSOLUTE
    ../clib/armsys.c                         0x00000000   Number         0  no_argv.o ABSOLUTE
    ../clib/armsys.c                         0x00000000   Number         0  _get_argv_nomalloc.o ABSOLUTE
    ../clib/armsys.c                         0x00000000   Number         0  argv_veneer.o ABSOLUTE
    ../clib/heapalloc.c                      0x00000000   Number         0  hrguard.o ABSOLUTE
    ../clib/heapaux.c                        0x00000000   Number         0  heapauxi.o ABSOLUTE
    ../clib/libinit.s                        0x00000000   Number         0  libshutdown.o ABSOLUTE
    ../clib/libinit.s                        0x00000000   Number         0  libinit2.o ABSOLUTE
    ../clib/libinit.s                        0x00000000   Number         0  libinit.o ABSOLUTE
    ../clib/libinit.s                        0x00000000   Number         0  libshutdown2.o ABSOLUTE
    ../clib/printf.c                         0x00000000   Number         0  __printf_ss.o ABSOLUTE
    ../clib/printf.c                         0x00000000   Number         0  __printf_flags_ss.o ABSOLUTE
    ../clib/printf.c                         0x00000000   Number         0  __printf_wp.o ABSOLUTE
    ../clib/printf.c                         0x00000000   Number         0  __printf_flags_wp.o ABSOLUTE
    ../clib/printf.c                         0x00000000   Number         0  __printf_ss_wp.o ABSOLUTE
    ../clib/printf.c                         0x00000000   Number         0  __printf_flags_ss_wp.o ABSOLUTE
    ../clib/printf.c                         0x00000000   Number         0  _printf_intcommon.o ABSOLUTE
    ../clib/printf.c                         0x00000000   Number         0  __printf_nopercent.o ABSOLUTE
    ../clib/printf.c                         0x00000000   Number         0  _printf_char_common.o ABSOLUTE
    ../clib/printf.c                         0x00000000   Number         0  __2printf.o ABSOLUTE
    ../clib/printf.c                         0x00000000   Number         0  noretval__2printf.o ABSOLUTE
    ../clib/printf.c                         0x00000000   Number         0  __printf.o ABSOLUTE
    ../clib/printf.c                         0x00000000   Number         0  _printf_char_file.o ABSOLUTE
    ../clib/printf.c                         0x00000000   Number         0  _printf_hex_ll.o ABSOLUTE
    ../clib/printf.c                         0x00000000   Number         0  _printf_hex_int.o ABSOLUTE
    ../clib/printf.c                         0x00000000   Number         0  _printf_hex_int_ll.o ABSOLUTE
    ../clib/printf.c                         0x00000000   Number         0  _printf_hex_ptr.o ABSOLUTE
    ../clib/printf.c                         0x00000000   Number         0  _printf_hex_int_ptr.o ABSOLUTE
    ../clib/printf.c                         0x00000000   Number         0  _printf_hex_ll_ptr.o ABSOLUTE
    ../clib/printf.c                         0x00000000   Number         0  _printf_hex_int_ll_ptr.o ABSOLUTE
    ../clib/printf.c                         0x00000000   Number         0  __printf_flags.o ABSOLUTE
    ../clib/printf_percent.s                 0x00000000   Number         0  _printf_x.o ABSOLUTE
    ../clib/printf_percent.s                 0x00000000   Number         0  _printf_percent.o ABSOLUTE
    ../clib/printf_percent.s                 0x00000000   Number         0  _printf_percent_end.o ABSOLUTE
    ../clib/signal.c                         0x00000000   Number         0  defsig_other.o ABSOLUTE
    ../clib/signal.c                         0x00000000   Number         0  defsig_segv_inner.o ABSOLUTE
    ../clib/signal.c                         0x00000000   Number         0  defsig_cppl_inner.o ABSOLUTE
    ../clib/signal.c                         0x00000000   Number         0  defsig_pvfn_inner.o ABSOLUTE
    ../clib/signal.c                         0x00000000   Number         0  defsig_rtred_inner.o ABSOLUTE
    ../clib/signal.c                         0x00000000   Number         0  defsig_fpe_inner.o ABSOLUTE
    ../clib/signal.c                         0x00000000   Number         0  defsig_abrt_inner.o ABSOLUTE
    ../clib/signal.c                         0x00000000   Number         0  defsig_rtmem_outer.o ABSOLUTE
    ../clib/signal.c                         0x00000000   Number         0  defsig_rtmem_formal.o ABSOLUTE
    ../clib/signal.c                         0x00000000   Number         0  defsig_exit.o ABSOLUTE
    ../clib/signal.c                         0x00000000   Number         0  defsig_stak_inner.o ABSOLUTE
    ../clib/signal.c                         0x00000000   Number         0  defsig_rtmem_inner.o ABSOLUTE
    ../clib/signal.c                         0x00000000   Number         0  __raise.o ABSOLUTE
    ../clib/signal.c                         0x00000000   Number         0  defsig_general.o ABSOLUTE
    ../clib/signal.s                         0x00000000   Number         0  defsig.o ABSOLUTE
    ../clib/stdlib.c                         0x00000000   Number         0  exit.o ABSOLUTE
    ../clib/string.c                         0x00000000   Number         0  strlen.o ABSOLUTE
    ../fplib/cfplib/fpinit.c                 0x00000000   Number         0  fpinit.o ABSOLUTE
    Retarget.c                               0x00000000   Number         0  retarget.o ABSOLUTE
    code_def.c                               0x00000000   Number         0  code_def.o ABSOLUTE
    dc.s                                     0x00000000   Number         0  dc.o ABSOLUTE
    main.c                                   0x00000000   Number         0  main.o ABSOLUTE
    startup_CMSDK_CM0.s                      0x00000000   Number         0  startup_cmsdk_cm0.o ABSOLUTE
    !!!main                                  0x00000068   Section        8  __main.o(!!!main)
    !!!scatter                               0x00000070   Section       60  __scatter.o(!!!scatter)
    !!handler_copy                           0x000000ac   Section       26  __scatter_copy.o(!!handler_copy)
    !!handler_zi                             0x000000c8   Section       28  __scatter_zi.o(!!handler_zi)
    .ARM.Collect$$_printf_percent$$00000000  0x000000e4   Section        2  _printf_percent.o(.ARM.Collect$$_printf_percent$$00000000)
    .ARM.Collect$$_printf_percent$$0000000C  0x000000e6   Section       10  _printf_x.o(.ARM.Collect$$_printf_percent$$0000000C)
    .ARM.Collect$$_printf_percent$$00000017  0x000000f0   Section        4  _printf_percent_end.o(.ARM.Collect$$_printf_percent$$00000017)
    .ARM.Collect$$libinit$$00000000          0x000000f4   Section        2  libinit.o(.ARM.Collect$$libinit$$00000000)
    .ARM.Collect$$libinit$$00000002          0x000000f6   Section        0  libinit2.o(.ARM.Collect$$libinit$$00000002)
    .ARM.Collect$$libinit$$00000004          0x000000f6   Section        0  libinit2.o(.ARM.Collect$$libinit$$00000004)
    .ARM.Collect$$libinit$$0000000A          0x000000f6   Section        0  libinit2.o(.ARM.Collect$$libinit$$0000000A)
    .ARM.Collect$$libinit$$0000000C          0x000000f6   Section        0  libinit2.o(.ARM.Collect$$libinit$$0000000C)
    .ARM.Collect$$libinit$$0000000E          0x000000f6   Section        0  libinit2.o(.ARM.Collect$$libinit$$0000000E)
    .ARM.Collect$$libinit$$00000011          0x000000f6   Section        0  libinit2.o(.ARM.Collect$$libinit$$00000011)
    .ARM.Collect$$libinit$$00000013          0x000000f6   Section        0  libinit2.o(.ARM.Collect$$libinit$$00000013)
    .ARM.Collect$$libinit$$00000015          0x000000f6   Section        0  libinit2.o(.ARM.Collect$$libinit$$00000015)
    .ARM.Collect$$libinit$$00000017          0x000000f6   Section        0  libinit2.o(.ARM.Collect$$libinit$$00000017)
    .ARM.Collect$$libinit$$00000019          0x000000f6   Section        0  libinit2.o(.ARM.Collect$$libinit$$00000019)
    .ARM.Collect$$libinit$$0000001B          0x000000f6   Section        0  libinit2.o(.ARM.Collect$$libinit$$0000001B)
    .ARM.Collect$$libinit$$0000001D          0x000000f6   Section        0  libinit2.o(.ARM.Collect$$libinit$$0000001D)
    .ARM.Collect$$libinit$$0000001F          0x000000f6   Section        0  libinit2.o(.ARM.Collect$$libinit$$0000001F)
    .ARM.Collect$$libinit$$00000021          0x000000f6   Section        0  libinit2.o(.ARM.Collect$$libinit$$00000021)
    .ARM.Collect$$libinit$$00000023          0x000000f6   Section        0  libinit2.o(.ARM.Collect$$libinit$$00000023)
    .ARM.Collect$$libinit$$00000025          0x000000f6   Section        0  libinit2.o(.ARM.Collect$$libinit$$00000025)
    .ARM.Collect$$libinit$$0000002C          0x000000f6   Section        0  libinit2.o(.ARM.Collect$$libinit$$0000002C)
    .ARM.Collect$$libinit$$0000002E          0x000000f6   Section        0  libinit2.o(.ARM.Collect$$libinit$$0000002E)
    .ARM.Collect$$libinit$$00000030          0x000000f6   Section        0  libinit2.o(.ARM.Collect$$libinit$$00000030)
    .ARM.Collect$$libinit$$00000032          0x000000f6   Section        0  libinit2.o(.ARM.Collect$$libinit$$00000032)
    .ARM.Collect$$libinit$$00000033          0x000000f6   Section        2  libinit2.o(.ARM.Collect$$libinit$$00000033)
    .ARM.Collect$$libshutdown$$00000000      0x000000f8   Section        2  libshutdown.o(.ARM.Collect$$libshutdown$$00000000)
    .ARM.Collect$$libshutdown$$00000002      0x000000fa   Section        0  libshutdown2.o(.ARM.Collect$$libshutdown$$00000002)
    .ARM.Collect$$libshutdown$$00000004      0x000000fa   Section        0  libshutdown2.o(.ARM.Collect$$libshutdown$$00000004)
    .ARM.Collect$$libshutdown$$00000007      0x000000fa   Section        0  libshutdown2.o(.ARM.Collect$$libshutdown$$00000007)
    .ARM.Collect$$libshutdown$$0000000A      0x000000fa   Section        0  libshutdown2.o(.ARM.Collect$$libshutdown$$0000000A)
    .ARM.Collect$$libshutdown$$0000000C      0x000000fa   Section        0  libshutdown2.o(.ARM.Collect$$libshutdown$$0000000C)
    .ARM.Collect$$libshutdown$$0000000F      0x000000fa   Section        0  libshutdown2.o(.ARM.Collect$$libshutdown$$0000000F)
    .ARM.Collect$$libshutdown$$00000010      0x000000fa   Section        2  libshutdown2.o(.ARM.Collect$$libshutdown$$00000010)
    .ARM.Collect$$rtentry$$00000000          0x000000fc   Section        0  __rtentry.o(.ARM.Collect$$rtentry$$00000000)
    .ARM.Collect$$rtentry$$00000002          0x000000fc   Section        0  __rtentry2.o(.ARM.Collect$$rtentry$$00000002)
    .ARM.Collect$$rtentry$$00000004          0x000000fc   Section        6  __rtentry4.o(.ARM.Collect$$rtentry$$00000004)
    .ARM.Collect$$rtentry$$00000009          0x00000102   Section        0  __rtentry2.o(.ARM.Collect$$rtentry$$00000009)
    .ARM.Collect$$rtentry$$0000000A          0x00000102   Section        4  __rtentry2.o(.ARM.Collect$$rtentry$$0000000A)
    .ARM.Collect$$rtentry$$0000000C          0x00000106   Section        0  __rtentry2.o(.ARM.Collect$$rtentry$$0000000C)
    .ARM.Collect$$rtentry$$0000000D          0x00000106   Section        8  __rtentry2.o(.ARM.Collect$$rtentry$$0000000D)
    .ARM.Collect$$rtexit$$00000000           0x0000010e   Section        2  rtexit.o(.ARM.Collect$$rtexit$$00000000)
    .ARM.Collect$$rtexit$$00000002           0x00000110   Section        0  rtexit2.o(.ARM.Collect$$rtexit$$00000002)
    .ARM.Collect$$rtexit$$00000003           0x00000110   Section        4  rtexit2.o(.ARM.Collect$$rtexit$$00000003)
    .ARM.Collect$$rtexit$$00000004           0x00000114   Section        6  rtexit2.o(.ARM.Collect$$rtexit$$00000004)
    .text                                    0x0000011c   Section      120  startup_cmsdk_cm0.o(.text)
    .text                                    0x00000194   Section        2  use_no_semi.o(.text)
    .text                                    0x00000198   Section        0  noretval__2printf.o(.text)
    .text                                    0x000001b4   Section        0  __printf.o(.text)
    .text                                    0x00000220   Section        0  _printf_hex_int.o(.text)
    .text                                    0x00000278   Section        0  heapauxi.o(.text)
    .text                                    0x0000027e   Section        0  _printf_intcommon.o(.text)
    .text                                    0x00000330   Section        0  _printf_char_file.o(.text)
    .text                                    0x00000358   Section        0  _printf_char_common.o(.text)
    _printf_input_char                       0x00000359   Thumb Code    10  _printf_char_common.o(.text)
    .text                                    0x00000388   Section       62  sys_stackheap_outer.o(.text)
    .text                                    0x000003c6   Section        0  exit.o(.text)
    .text                                    0x000003d8   Section        8  libspace.o(.text)
    i.Display                                0x000003e0   Section        0  code_def.o(i.Display)
    i.KEY0Handle                             0x000003f4   Section        0  code_def.o(i.KEY0Handle)
    i.KEY1Handle                             0x00000404   Section        0  code_def.o(i.KEY1Handle)
    i.KEY2Handle                             0x00000414   Section        0  code_def.o(i.KEY2Handle)
    i.KEY3Handle                             0x00000424   Section        0  code_def.o(i.KEY3Handle)
    i.KEY4Handle                             0x00000434   Section        0  code_def.o(i.KEY4Handle)
    i.KEY5Handle                             0x00000444   Section        0  code_def.o(i.KEY5Handle)
    i.KEY6Handle                             0x00000454   Section        0  code_def.o(i.KEY6Handle)
    i.KEY7Handle                             0x00000464   Section        0  code_def.o(i.KEY7Handle)
    i.Key_Scan                               0x00000474   Section        0  code_def.o(i.Key_Scan)
    i.ReadUART                               0x00000598   Section        0  code_def.o(i.ReadUART)
    i.ReadUARTState                          0x000005a4   Section        0  code_def.o(i.ReadUARTState)
    i.TIMEHandle                             0x000005b0   Section        0  code_def.o(i.TIMEHandle)
    i.TIME_Init                              0x000005d8   Section        0  code_def.o(i.TIME_Init)
    i.UARTHandle                             0x000005ec   Section        0  code_def.o(i.UARTHandle)
    i.WriteUART                              0x00000604   Section        0  code_def.o(i.WriteUART)
    i._sys_exit                              0x0000061c   Section        0  retarget.o(i._sys_exit)
    i.delay_ms                               0x00000620   Section        0  code_def.o(i.delay_ms)
    i.ferror                                 0x0000065c   Section        0  retarget.o(i.ferror)
    i.fputc                                  0x00000662   Section        0  retarget.o(i.fputc)
    i.main                                   0x00000670   Section        0  main.o(i.main)
    i.uart_out                               0x00000694   Section        0  retarget.o(i.uart_out)
    .constdata                               0x000006a0   Section       40  _printf_hex_int.o(.constdata)
    uc_hextab                                0x000006a0   Data          20  _printf_hex_int.o(.constdata)
    lc_hextab                                0x000006b4   Data          20  _printf_hex_int.o(.constdata)
    .data                                    0x20000000   Section        4  main.o(.data)
    .data                                    0x20000004   Section        8  retarget.o(.data)
    .bss                                     0x2000000c   Section       96  libspace.o(.bss)
    HEAP                                     0x20000070   Section      512  startup_cmsdk_cm0.o(HEAP)
    Heap_Mem                                 0x20000070   Data         512  startup_cmsdk_cm0.o(HEAP)
    STACK                                    0x20000270   Section      512  startup_cmsdk_cm0.o(STACK)
    Stack_Mem                                0x20000270   Data         512  startup_cmsdk_cm0.o(STACK)
    __initial_sp                             0x20000470   Data           0  startup_cmsdk_cm0.o(STACK)

    Global Symbols

    Symbol Name                              Value     Ov Type        Size  Object(Section)

    BuildAttributes$$THM_ISAv3M$S$PE$A:L22$X:L11$S22$IEEE1$IW$USESV6$~STKCKD$USESV7$~SHL$OSPACE$ROPI$EBA8$UX$STANDARDLIB$REQ8$PRES8$EABIv2 0x00000000   Number         0  anon$$obj.o ABSOLUTE
    __ARM_use_no_argv                        0x00000000   Number         0  main.o ABSOLUTE
    __Vectors                                0x00000000   Data           4  startup_cmsdk_cm0.o(RESET)
    __ARM_exceptions_init                     - Undefined Weak Reference
    __alloca_initialize                       - Undefined Weak Reference
    __arm_preinit_                            - Undefined Weak Reference
    __cpp_initialize__aeabi_                  - Undefined Weak Reference
    __cxa_finalize                            - Undefined Weak Reference
    __rt_locale                               - Undefined Weak Reference
    __sigvec_lookup                           - Undefined Weak Reference
    _atexit_init                              - Undefined Weak Reference
    _call_atexit_fns                          - Undefined Weak Reference
    _clock_init                               - Undefined Weak Reference
    _fp_trap_init                             - Undefined Weak Reference
    _fp_trap_shutdown                         - Undefined Weak Reference
    _get_lc_collate                           - Undefined Weak Reference
    _get_lc_ctype                             - Undefined Weak Reference
    _get_lc_monetary                          - Undefined Weak Reference
    _get_lc_numeric                           - Undefined Weak Reference
    _get_lc_time                              - Undefined Weak Reference
    _getenv_init                              - Undefined Weak Reference
    _handle_redirection                       - Undefined Weak Reference
    _init_alloc                               - Undefined Weak Reference
    _init_user_alloc                          - Undefined Weak Reference
    _initio                                   - Undefined Weak Reference
    _printf_post_padding                      - Undefined Weak Reference
    _printf_pre_padding                       - Undefined Weak Reference
    _printf_truncate_unsigned                 - Undefined Weak Reference
    _rand_init                                - Undefined Weak Reference
    _signal_finish                            - Undefined Weak Reference
    _signal_init                              - Undefined Weak Reference
    _terminate_alloc                          - Undefined Weak Reference
    _terminate_user_alloc                     - Undefined Weak Reference
    _terminateio                              - Undefined Weak Reference
    __main                                   0x00000069   Thumb Code     8  __main.o(!!!main)
    __scatterload                            0x00000071   Thumb Code     0  __scatter.o(!!!scatter)
    __scatterload_rt2                        0x00000071   Thumb Code    52  __scatter.o(!!!scatter)
    __scatterload_rt2_thumb_only             0x00000071   Thumb Code     0  __scatter.o(!!!scatter)
    __scatterload_null                       0x00000081   Thumb Code     0  __scatter.o(!!!scatter)
    __scatterload_copy                       0x000000ad   Thumb Code    26  __scatter_copy.o(!!handler_copy)
    __scatterload_zeroinit                   0x000000c9   Thumb Code    28  __scatter_zi.o(!!handler_zi)
    _printf_percent                          0x000000e5   Thumb Code     0  _printf_percent.o(.ARM.Collect$$_printf_percent$$00000000)
    _printf_x                                0x000000e7   Thumb Code     0  _printf_x.o(.ARM.Collect$$_printf_percent$$0000000C)
    _printf_percent_end                      0x000000f1   Thumb Code     0  _printf_percent_end.o(.ARM.Collect$$_printf_percent$$00000017)
    __rt_lib_init                            0x000000f5   Thumb Code     0  libinit.o(.ARM.Collect$$libinit$$00000000)
    __rt_lib_init_alloca_1                   0x000000f7   Thumb Code     0  libinit2.o(.ARM.Collect$$libinit$$0000002E)
    __rt_lib_init_argv_1                     0x000000f7   Thumb Code     0  libinit2.o(.ARM.Collect$$libinit$$0000002C)
    __rt_lib_init_atexit_1                   0x000000f7   Thumb Code     0  libinit2.o(.ARM.Collect$$libinit$$0000001B)
    __rt_lib_init_clock_1                    0x000000f7   Thumb Code     0  libinit2.o(.ARM.Collect$$libinit$$00000021)
    __rt_lib_init_cpp_1                      0x000000f7   Thumb Code     0  libinit2.o(.ARM.Collect$$libinit$$00000032)
    __rt_lib_init_exceptions_1               0x000000f7   Thumb Code     0  libinit2.o(.ARM.Collect$$libinit$$00000030)
    __rt_lib_init_fp_1                       0x000000f7   Thumb Code     0  libinit2.o(.ARM.Collect$$libinit$$00000002)
    __rt_lib_init_fp_trap_1                  0x000000f7   Thumb Code     0  libinit2.o(.ARM.Collect$$libinit$$0000001F)
    __rt_lib_init_getenv_1                   0x000000f7   Thumb Code     0  libinit2.o(.ARM.Collect$$libinit$$00000023)
    __rt_lib_init_heap_1                     0x000000f7   Thumb Code     0  libinit2.o(.ARM.Collect$$libinit$$0000000A)
    __rt_lib_init_lc_collate_1               0x000000f7   Thumb Code     0  libinit2.o(.ARM.Collect$$libinit$$00000011)
    __rt_lib_init_lc_ctype_1                 0x000000f7   Thumb Code     0  libinit2.o(.ARM.Collect$$libinit$$00000013)
    __rt_lib_init_lc_monetary_1              0x000000f7   Thumb Code     0  libinit2.o(.ARM.Collect$$libinit$$00000015)
    __rt_lib_init_lc_numeric_1               0x000000f7   Thumb Code     0  libinit2.o(.ARM.Collect$$libinit$$00000017)
    __rt_lib_init_lc_time_1                  0x000000f7   Thumb Code     0  libinit2.o(.ARM.Collect$$libinit$$00000019)
    __rt_lib_init_preinit_1                  0x000000f7   Thumb Code     0  libinit2.o(.ARM.Collect$$libinit$$00000004)
    __rt_lib_init_rand_1                     0x000000f7   Thumb Code     0  libinit2.o(.ARM.Collect$$libinit$$0000000E)
    __rt_lib_init_return                     0x000000f7   Thumb Code     0  libinit2.o(.ARM.Collect$$libinit$$00000033)
    __rt_lib_init_signal_1                   0x000000f7   Thumb Code     0  libinit2.o(.ARM.Collect$$libinit$$0000001D)
    __rt_lib_init_stdio_1                    0x000000f7   Thumb Code     0  libinit2.o(.ARM.Collect$$libinit$$00000025)
    __rt_lib_init_user_alloc_1               0x000000f7   Thumb Code     0  libinit2.o(.ARM.Collect$$libinit$$0000000C)
    __rt_lib_shutdown                        0x000000f9   Thumb Code     0  libshutdown.o(.ARM.Collect$$libshutdown$$00000000)
    __rt_lib_shutdown_cpp_1                  0x000000fb   Thumb Code     0  libshutdown2.o(.ARM.Collect$$libshutdown$$00000002)
    __rt_lib_shutdown_fp_trap_1              0x000000fb   Thumb Code     0  libshutdown2.o(.ARM.Collect$$libshutdown$$00000007)
    __rt_lib_shutdown_heap_1                 0x000000fb   Thumb Code     0  libshutdown2.o(.ARM.Collect$$libshutdown$$0000000F)
    __rt_lib_shutdown_return                 0x000000fb   Thumb Code     0  libshutdown2.o(.ARM.Collect$$libshutdown$$00000010)
    __rt_lib_shutdown_signal_1               0x000000fb   Thumb Code     0  libshutdown2.o(.ARM.Collect$$libshutdown$$0000000A)
    __rt_lib_shutdown_stdio_1                0x000000fb   Thumb Code     0  libshutdown2.o(.ARM.Collect$$libshutdown$$00000004)
    __rt_lib_shutdown_user_alloc_1           0x000000fb   Thumb Code     0  libshutdown2.o(.ARM.Collect$$libshutdown$$0000000C)
    __rt_entry                               0x000000fd   Thumb Code     0  __rtentry.o(.ARM.Collect$$rtentry$$00000000)
    __rt_entry_presh_1                       0x000000fd   Thumb Code     0  __rtentry2.o(.ARM.Collect$$rtentry$$00000002)
    __rt_entry_sh                            0x000000fd   Thumb Code     0  __rtentry4.o(.ARM.Collect$$rtentry$$00000004)
    __rt_entry_li                            0x00000103   Thumb Code     0  __rtentry2.o(.ARM.Collect$$rtentry$$0000000A)
    __rt_entry_postsh_1                      0x00000103   Thumb Code     0  __rtentry2.o(.ARM.Collect$$rtentry$$00000009)
    __rt_entry_main                          0x00000107   Thumb Code     0  __rtentry2.o(.ARM.Collect$$rtentry$$0000000D)
    __rt_entry_postli_1                      0x00000107   Thumb Code     0  __rtentry2.o(.ARM.Collect$$rtentry$$0000000C)
    __rt_exit                                0x0000010f   Thumb Code     0  rtexit.o(.ARM.Collect$$rtexit$$00000000)
    __rt_exit_ls                             0x00000111   Thumb Code     0  rtexit2.o(.ARM.Collect$$rtexit$$00000003)
    __rt_exit_prels_1                        0x00000111   Thumb Code     0  rtexit2.o(.ARM.Collect$$rtexit$$00000002)
    __rt_exit_exit                           0x00000115   Thumb Code     0  rtexit2.o(.ARM.Collect$$rtexit$$00000004)
    Reset_Handler                            0x0000011d   Thumb Code     8  startup_cmsdk_cm0.o(.text)
    UART_Handler                             0x00000125   Thumb Code     8  startup_cmsdk_cm0.o(.text)
    TIME_Handler                             0x0000012d   Thumb Code     8  startup_cmsdk_cm0.o(.text)
    KEY0_Handler                             0x00000135   Thumb Code     8  startup_cmsdk_cm0.o(.text)
    KEY1_Handler                             0x0000013d   Thumb Code     8  startup_cmsdk_cm0.o(.text)
    KEY2_Handler                             0x00000145   Thumb Code     8  startup_cmsdk_cm0.o(.text)
    KEY3_Handler                             0x0000014d   Thumb Code     8  startup_cmsdk_cm0.o(.text)
    KEY4_Handler                             0x00000155   Thumb Code     8  startup_cmsdk_cm0.o(.text)
    KEY5_Handler                             0x0000015d   Thumb Code     8  startup_cmsdk_cm0.o(.text)
    KEY6_Handler                             0x00000165   Thumb Code     8  startup_cmsdk_cm0.o(.text)
    KEY7_Handler                             0x0000016d   Thumb Code     8  startup_cmsdk_cm0.o(.text)
    __user_initial_stackheap                 0x00000175   Thumb Code     0  startup_cmsdk_cm0.o(.text)
    __I$use$semihosting                      0x00000195   Thumb Code     0  use_no_semi.o(.text)
    __use_no_semihosting_swi                 0x00000195   Thumb Code     2  use_no_semi.o(.text)
    __2printf                                0x00000199   Thumb Code    22  noretval__2printf.o(.text)
    __printf                                 0x000001b5   Thumb Code   108  __printf.o(.text)
    _printf_int_hex                          0x00000221   Thumb Code    84  _printf_hex_int.o(.text)
    _printf_longlong_hex                     0x00000221   Thumb Code     0  _printf_hex_int.o(.text)
    __use_two_region_memory                  0x00000279   Thumb Code     2  heapauxi.o(.text)
    __rt_heap_escrow$2region                 0x0000027b   Thumb Code     2  heapauxi.o(.text)
    __rt_heap_expand$2region                 0x0000027d   Thumb Code     2  heapauxi.o(.text)
    _printf_int_common                       0x0000027f   Thumb Code   176  _printf_intcommon.o(.text)
    _printf_char_file                        0x00000331   Thumb Code    34  _printf_char_file.o(.text)
    _printf_char_common                      0x00000363   Thumb Code    32  _printf_char_common.o(.text)
    __user_setup_stackheap                   0x00000389   Thumb Code    62  sys_stackheap_outer.o(.text)
    exit                                     0x000003c7   Thumb Code    16  exit.o(.text)
    __user_libspace                          0x000003d9   Thumb Code     8  libspace.o(.text)
    __user_perproc_libspace                  0x000003d9   Thumb Code     0  libspace.o(.text)
    __user_perthread_libspace                0x000003d9   Thumb Code     0  libspace.o(.text)
    Display                                  0x000003e1   Thumb Code    10  code_def.o(i.Display)
    KEY0Handle                               0x000003f5   Thumb Code    16  code_def.o(i.KEY0Handle)
    KEY1Handle                               0x00000405   Thumb Code    16  code_def.o(i.KEY1Handle)
    KEY2Handle                               0x00000415   Thumb Code    16  code_def.o(i.KEY2Handle)
    KEY3Handle                               0x00000425   Thumb Code    16  code_def.o(i.KEY3Handle)
    KEY4Handle                               0x00000435   Thumb Code    16  code_def.o(i.KEY4Handle)
    KEY5Handle                               0x00000445   Thumb Code    16  code_def.o(i.KEY5Handle)
    KEY6Handle                               0x00000455   Thumb Code    16  code_def.o(i.KEY6Handle)
    KEY7Handle                               0x00000465   Thumb Code    16  code_def.o(i.KEY7Handle)
    Key_Scan                                 0x00000475   Thumb Code   282  code_def.o(i.Key_Scan)
    ReadUART                                 0x00000599   Thumb Code     8  code_def.o(i.ReadUART)
    ReadUARTState                            0x000005a5   Thumb Code     8  code_def.o(i.ReadUARTState)
    TIMEHandle                               0x000005b1   Thumb Code    14  code_def.o(i.TIMEHandle)
    TIME_Init                                0x000005d9   Thumb Code    12  code_def.o(i.TIME_Init)
    UARTHandle                               0x000005ed   Thumb Code    22  code_def.o(i.UARTHandle)
    WriteUART                                0x00000605   Thumb Code    20  code_def.o(i.WriteUART)
    _sys_exit                                0x0000061d   Thumb Code     4  retarget.o(i._sys_exit)
    delay_ms                                 0x00000621   Thumb Code    50  code_def.o(i.delay_ms)
    ferror                                   0x0000065d   Thumb Code     6  retarget.o(i.ferror)
    fputc                                    0x00000663   Thumb Code    14  retarget.o(i.fputc)
    main                                     0x00000671   Thumb Code    28  main.o(i.main)
    uart_out                                 0x00000695   Thumb Code     6  retarget.o(i.uart_out)
    Region$$Table$$Base                      0x000006c8   Number         0  anon$$obj.o(Region$$Table)
    Region$$Table$$Limit                     0x000006e8   Number         0  anon$$obj.o(Region$$Table)
    Number                                   0x20000000   Data           4  main.o(.data)
    __stdout                                 0x20000004   Data           4  retarget.o(.data)
    __stdin                                  0x20000008   Data           4  retarget.o(.data)
    __libspace_start                         0x2000000c   Data          96  libspace.o(.bss)
    __temporary_stack_top$libspace           0x2000006c   Data           0  libspace.o(.bss)



==============================================================================

Memory Map of the image

  Image entry point : Not specified.

  Load Region LR_IROM1 (Base: 0x00000000, Size: 0x000006f4, Max: 0x00000800, ABSOLUTE)

    Execution Region ER_IROM1 (Exec base: 0x00000000, Load base: 0x00000000, Size: 0x000006e8, Max: 0x00000800, ABSOLUTE)

    Exec Addr    Load Addr    Size         Type   Attr      Idx    E Section Name        Object

    0x00000000   0x00000000   0x00000068   Data   RO          152    RESET               startup_cmsdk_cm0.o
    0x00000068   0x00000068   0x00000008   Code   RO          267  * !!!main             c_p.l(__main.o)
    0x00000070   0x00000070   0x0000003c   Code   RO          429    !!!scatter          c_p.l(__scatter.o)
    0x000000ac   0x000000ac   0x0000001a   Code   RO          431    !!handler_copy      c_p.l(__scatter_copy.o)
    0x000000c6   0x000000c6   0x00000002   PAD
    0x000000c8   0x000000c8   0x0000001c   Code   RO          433    !!handler_zi        c_p.l(__scatter_zi.o)
    0x000000e4   0x000000e4   0x00000002   Code   RO          262    .ARM.Collect$$_printf_percent$$00000000  c_p.l(_printf_percent.o)
    0x000000e6   0x000000e6   0x0000000a   Code   RO          261    .ARM.Collect$$_printf_percent$$0000000C  c_p.l(_printf_x.o)
    0x000000f0   0x000000f0   0x00000004   Code   RO          274    .ARM.Collect$$_printf_percent$$00000017  c_p.l(_printf_percent_end.o)
    0x000000f4   0x000000f4   0x00000002   Code   RO          304    .ARM.Collect$$libinit$$00000000  c_p.l(libinit.o)
    0x000000f6   0x000000f6   0x00000000   Code   RO          312    .ARM.Collect$$libinit$$00000002  c_p.l(libinit2.o)
    0x000000f6   0x000000f6   0x00000000   Code   RO          314    .ARM.Collect$$libinit$$00000004  c_p.l(libinit2.o)
    0x000000f6   0x000000f6   0x00000000   Code   RO          317    .ARM.Collect$$libinit$$0000000A  c_p.l(libinit2.o)
    0x000000f6   0x000000f6   0x00000000   Code   RO          319    .ARM.Collect$$libinit$$0000000C  c_p.l(libinit2.o)
    0x000000f6   0x000000f6   0x00000000   Code   RO          321    .ARM.Collect$$libinit$$0000000E  c_p.l(libinit2.o)
    0x000000f6   0x000000f6   0x00000000   Code   RO          324    .ARM.Collect$$libinit$$00000011  c_p.l(libinit2.o)
    0x000000f6   0x000000f6   0x00000000   Code   RO          326    .ARM.Collect$$libinit$$00000013  c_p.l(libinit2.o)
    0x000000f6   0x000000f6   0x00000000   Code   RO          328    .ARM.Collect$$libinit$$00000015  c_p.l(libinit2.o)
    0x000000f6   0x000000f6   0x00000000   Code   RO          330    .ARM.Collect$$libinit$$00000017  c_p.l(libinit2.o)
    0x000000f6   0x000000f6   0x00000000   Code   RO          332    .ARM.Collect$$libinit$$00000019  c_p.l(libinit2.o)
    0x000000f6   0x000000f6   0x00000000   Code   RO          334    .ARM.Collect$$libinit$$0000001B  c_p.l(libinit2.o)
    0x000000f6   0x000000f6   0x00000000   Code   RO          336    .ARM.Collect$$libinit$$0000001D  c_p.l(libinit2.o)
    0x000000f6   0x000000f6   0x00000000   Code   RO          338    .ARM.Collect$$libinit$$0000001F  c_p.l(libinit2.o)
    0x000000f6   0x000000f6   0x00000000   Code   RO          340    .ARM.Collect$$libinit$$00000021  c_p.l(libinit2.o)
    0x000000f6   0x000000f6   0x00000000   Code   RO          342    .ARM.Collect$$libinit$$00000023  c_p.l(libinit2.o)
    0x000000f6   0x000000f6   0x00000000   Code   RO          344    .ARM.Collect$$libinit$$00000025  c_p.l(libinit2.o)
    0x000000f6   0x000000f6   0x00000000   Code   RO          348    .ARM.Collect$$libinit$$0000002C  c_p.l(libinit2.o)
    0x000000f6   0x000000f6   0x00000000   Code   RO          350    .ARM.Collect$$libinit$$0000002E  c_p.l(libinit2.o)
    0x000000f6   0x000000f6   0x00000000   Code   RO          352    .ARM.Collect$$libinit$$00000030  c_p.l(libinit2.o)
    0x000000f6   0x000000f6   0x00000000   Code   RO          354    .ARM.Collect$$libinit$$00000032  c_p.l(libinit2.o)
    0x000000f6   0x000000f6   0x00000002   Code   RO          355    .ARM.Collect$$libinit$$00000033  c_p.l(libinit2.o)
    0x000000f8   0x000000f8   0x00000002   Code   RO          373    .ARM.Collect$$libshutdown$$00000000  c_p.l(libshutdown.o)
    0x000000fa   0x000000fa   0x00000000   Code   RO          383    .ARM.Collect$$libshutdown$$00000002  c_p.l(libshutdown2.o)
    0x000000fa   0x000000fa   0x00000000   Code   RO          385    .ARM.Collect$$libshutdown$$00000004  c_p.l(libshutdown2.o)
    0x000000fa   0x000000fa   0x00000000   Code   RO          388    .ARM.Collect$$libshutdown$$00000007  c_p.l(libshutdown2.o)
    0x000000fa   0x000000fa   0x00000000   Code   RO          391    .ARM.Collect$$libshutdown$$0000000A  c_p.l(libshutdown2.o)
    0x000000fa   0x000000fa   0x00000000   Code   RO          393    .ARM.Collect$$libshutdown$$0000000C  c_p.l(libshutdown2.o)
    0x000000fa   0x000000fa   0x00000000   Code   RO          396    .ARM.Collect$$libshutdown$$0000000F  c_p.l(libshutdown2.o)
    0x000000fa   0x000000fa   0x00000002   Code   RO          397    .ARM.Collect$$libshutdown$$00000010  c_p.l(libshutdown2.o)
    0x000000fc   0x000000fc   0x00000000   Code   RO          269    .ARM.Collect$$rtentry$$00000000  c_p.l(__rtentry.o)
    0x000000fc   0x000000fc   0x00000000   Code   RO          276    .ARM.Collect$$rtentry$$00000002  c_p.l(__rtentry2.o)
    0x000000fc   0x000000fc   0x00000006   Code   RO          288    .ARM.Collect$$rtentry$$00000004  c_p.l(__rtentry4.o)
    0x00000102   0x00000102   0x00000000   Code   RO          278    .ARM.Collect$$rtentry$$00000009  c_p.l(__rtentry2.o)
    0x00000102   0x00000102   0x00000004   Code   RO          279    .ARM.Collect$$rtentry$$0000000A  c_p.l(__rtentry2.o)
    0x00000106   0x00000106   0x00000000   Code   RO          281    .ARM.Collect$$rtentry$$0000000C  c_p.l(__rtentry2.o)
    0x00000106   0x00000106   0x00000008   Code   RO          282    .ARM.Collect$$rtentry$$0000000D  c_p.l(__rtentry2.o)
    0x0000010e   0x0000010e   0x00000002   Code   RO          309    .ARM.Collect$$rtexit$$00000000  c_p.l(rtexit.o)
    0x00000110   0x00000110   0x00000000   Code   RO          357    .ARM.Collect$$rtexit$$00000002  c_p.l(rtexit2.o)
    0x00000110   0x00000110   0x00000004   Code   RO          358    .ARM.Collect$$rtexit$$00000003  c_p.l(rtexit2.o)
    0x00000114   0x00000114   0x00000006   Code   RO          359    .ARM.Collect$$rtexit$$00000004  c_p.l(rtexit2.o)
    0x0000011a   0x0000011a   0x00000002   PAD
    0x0000011c   0x0000011c   0x00000078   Code   RO          153  * .text               startup_cmsdk_cm0.o
    0x00000194   0x00000194   0x00000002   Code   RO          212    .text               c_p.l(use_no_semi.o)
    0x00000196   0x00000196   0x00000002   PAD
    0x00000198   0x00000198   0x0000001c   Code   RO          216    .text               c_p.l(noretval__2printf.o)
    0x000001b4   0x000001b4   0x0000006c   Code   RO          218    .text               c_p.l(__printf.o)
    0x00000220   0x00000220   0x00000058   Code   RO          223    .text               c_p.l(_printf_hex_int.o)
    0x00000278   0x00000278   0x00000006   Code   RO          265    .text               c_p.l(heapauxi.o)
    0x0000027e   0x0000027e   0x000000b0   Code   RO          270    .text               c_p.l(_printf_intcommon.o)
    0x0000032e   0x0000032e   0x00000002   PAD
    0x00000330   0x00000330   0x00000028   Code   RO          272    .text               c_p.l(_printf_char_file.o)
    0x00000358   0x00000358   0x00000030   Code   RO          290    .text               c_p.l(_printf_char_common.o)
    0x00000388   0x00000388   0x0000003e   Code   RO          292    .text               c_p.l(sys_stackheap_outer.o)
    0x000003c6   0x000003c6   0x00000010   Code   RO          297    .text               c_p.l(exit.o)
    0x000003d6   0x000003d6   0x00000002   PAD
    0x000003d8   0x000003d8   0x00000008   Code   RO          305    .text               c_p.l(libspace.o)
    0x000003e0   0x000003e0   0x00000014   Code   RO            1    i.Display           code_def.o
    0x000003f4   0x000003f4   0x00000010   Code   RO            2    i.KEY0Handle        code_def.o
    0x00000404   0x00000404   0x00000010   Code   RO            3    i.KEY1Handle        code_def.o
    0x00000414   0x00000414   0x00000010   Code   RO            4    i.KEY2Handle        code_def.o
    0x00000424   0x00000424   0x00000010   Code   RO            5    i.KEY3Handle        code_def.o
    0x00000434   0x00000434   0x00000010   Code   RO            6    i.KEY4Handle        code_def.o
    0x00000444   0x00000444   0x00000010   Code   RO            7    i.KEY5Handle        code_def.o
    0x00000454   0x00000454   0x00000010   Code   RO            8    i.KEY6Handle        code_def.o
    0x00000464   0x00000464   0x00000010   Code   RO            9    i.KEY7Handle        code_def.o
    0x00000474   0x00000474   0x00000124   Code   RO           10    i.Key_Scan          code_def.o
    0x00000598   0x00000598   0x0000000c   Code   RO           11    i.ReadUART          code_def.o
    0x000005a4   0x000005a4   0x0000000c   Code   RO           12    i.ReadUARTState     code_def.o
    0x000005b0   0x000005b0   0x00000028   Code   RO           13    i.TIMEHandle        code_def.o
    0x000005d8   0x000005d8   0x00000014   Code   RO           14    i.TIME_Init         code_def.o
    0x000005ec   0x000005ec   0x00000016   Code   RO           15    i.UARTHandle        code_def.o
    0x00000602   0x00000602   0x00000002   PAD
    0x00000604   0x00000604   0x00000018   Code   RO           17    i.WriteUART         code_def.o
    0x0000061c   0x0000061c   0x00000004   Code   RO          158    i._sys_exit         retarget.o
    0x00000620   0x00000620   0x0000003c   Code   RO           18    i.delay_ms          code_def.o
    0x0000065c   0x0000065c   0x00000006   Code   RO          160    i.ferror            retarget.o
    0x00000662   0x00000662   0x0000000e   Code   RO          161    i.fputc             retarget.o
    0x00000670   0x00000670   0x00000024   Code   RO          131    i.main              main.o
    0x00000694   0x00000694   0x0000000c   Code   RO          162    i.uart_out          retarget.o
    0x000006a0   0x000006a0   0x00000028   Data   RO          224    .constdata          c_p.l(_printf_hex_int.o)
    0x000006c8   0x000006c8   0x00000020   Data   RO          427    Region$$Table       anon$$obj.o


    Execution Region RW_IRAM1 (Exec base: 0x20000000, Load base: 0x000006e8, Size: 0x00000470, Max: 0x00000800, ABSOLUTE)

    Exec Addr    Load Addr    Size         Type   Attr      Idx    E Section Name        Object

    0x20000000   0x000006e8   0x00000004   Data   RW          132    .data               main.o
    0x20000004   0x000006ec   0x00000008   Data   RW          163    .data               retarget.o
    0x2000000c        -       0x00000060   Zero   RW          306    .bss                c_p.l(libspace.o)
    0x2000006c   0x000006f4   0x00000004   PAD
    0x20000070        -       0x00000200   Zero   RW          151    HEAP                startup_cmsdk_cm0.o
    0x20000270        -       0x00000200   Zero   RW          150    STACK               startup_cmsdk_cm0.o


==============================================================================

Image component sizes


      Code (inc. data)   RO Data    RW Data    ZI Data      Debug   Object Name

       630         76          0          0          0      11021   code_def.o
        36          8          0          4          0        552   main.o
        36          6          0          8          0       3410   retarget.o
       120         22        104          0       1024        776   startup_cmsdk_cm0.o

    ----------------------------------------------------------------------
       824        112        136         12       1024      15759   Object Totals
         0          0         32          0          0          0   (incl. Generated)
         2          0          0          0          0          0   (incl. Padding)

    ----------------------------------------------------------------------

      Code (inc. data)   RO Data    RW Data    ZI Data      Debug   Library Member Name

         8          0          0          0          0         68   __main.o
       108          0          0          0          0         76   __printf.o
         0          0          0          0          0          0   __rtentry.o
        12          0          0          0          0          0   __rtentry2.o
         6          0          0          0          0          0   __rtentry4.o
        60          8          0          0          0          0   __scatter.o
        26          0          0          0          0          0   __scatter_copy.o
        28          0          0          0          0          0   __scatter_zi.o
        48          6          0          0          0         88   _printf_char_common.o
        40          6          0          0          0         72   _printf_char_file.o
        88          4         40          0          0         72   _printf_hex_int.o
       176          0          0          0          0         84   _printf_intcommon.o
         2          0          0          0          0          0   _printf_percent.o
         4          0          0          0          0          0   _printf_percent_end.o
        10          0          0          0          0          0   _printf_x.o
        16          0          0          0          0         68   exit.o
         6          0          0          0          0        136   heapauxi.o
         2          0          0          0          0          0   libinit.o
         2          0          0          0          0          0   libinit2.o
         2          0          0          0          0          0   libshutdown.o
         2          0          0          0          0          0   libshutdown2.o
         8          4          0          0         96         68   libspace.o
        28          6          0          0          0         84   noretval__2printf.o
         2          0          0          0          0          0   rtexit.o
        10          0          0          0          0          0   rtexit2.o
        62          0          0          0          0         80   sys_stackheap_outer.o
         2          0          0          0          0         68   use_no_semi.o

    ----------------------------------------------------------------------
       768         34         40          0        100        964   Library Totals
        10          0          0          0          4          0   (incl. Padding)

    ----------------------------------------------------------------------

      Code (inc. data)   RO Data    RW Data    ZI Data      Debug   Library Name

       758         34         40          0         96        964   c_p.l

    ----------------------------------------------------------------------
       768         34         40          0        100        964   Library Totals

    ----------------------------------------------------------------------

==============================================================================


      Code (inc. data)   RO Data    RW Data    ZI Data      Debug   

      1592        146        176         12       1124      15575   Grand Totals
      1592        146        176         12       1124      15575   ELF Image Totals
      1592        146        176         12          0          0   ROM Totals

==============================================================================

    Total RO  Size (Code + RO Data)                 1768 (   1.73kB)
    Total RW  Size (RW Data + ZI Data)              1136 (   1.11kB)
    Total ROM Size (Code + RO Data + RW Data)       1780 (   1.74kB)

==============================================================================

